=\pretest.json 
{
  _: [],
  f: [
    'c:\\Users\\ajith\\OneDrive\\Desktop\\virtuallab\\VLab_Ajith_P\\exp-power-electronics-esc-dei\\experiment\\pretest.json'
  ],
  files: [
    'c:\\Users\\ajith\\OneDrive\\Desktop\\virtuallab\\VLab_Ajith_P\\exp-power-electronics-esc-dei\\experiment\\pretest.json'
  ],
  c: 'assessment',
  contentTypes: 'assessment',
  'content-types': 'assessment',
  '$0': 'validate'
}
Validated true
=\posttest.json 
{
  _: [],
  f: [
    'c:\\Users\\ajith\\OneDrive\\Desktop\\virtuallab\\VLab_Ajith_P\\exp-power-electronics-esc-dei\\experiment\\posttest.json'
  ],
  files: [
    'c:\\Users\\ajith\\OneDrive\\Desktop\\virtuallab\\VLab_Ajith_P\\exp-power-electronics-esc-dei\\experiment\\posttest.json'
  ],
  c: 'assessment',
  contentTypes: 'assessment',
  'content-types': 'assessment',
  '$0': 'validate'
}
Validated true
