
c:\Users\ajith\OneDrive\Desktop\virtuallab\VLab_Ajith_P\exp-aerodynamic-analysis-dei\experiment\simulation\js\main.js
    42:9   warning  'RHO_SL' is assigned a value but never used      no-unused-vars
    46:9   warning  'AR_EFF' is assigned a value but never used      no-unused-vars
    47:9   warning  'OSWALD_E' is assigned a value but never used    no-unused-vars
   265:9   warning  'f0' is assigned a value but never used          no-unused-vars
   415:7   warning  '_ground' is assigned a value but never used     no-unused-vars
   532:7   warning  '_hub' is assigned a value but never used        no-unused-vars
   537:7   warning  '_airflowR' is assigned a value but never used   no-unused-vars
   848:21  warning  'activeTab' is defined but never used            no-unused-vars
  1923:21  warning  'activeTab' is defined but never used            no-unused-vars
  3154:19  warning  Empty block statement                            no-empty
  3292:12  warning  '_selectDefaults' is defined but never used      no-unused-vars
  3543:78  warning  Empty block statement                            no-empty
  3763:53  warning  'currentAlpha' is defined but never used         no-unused-vars
  3855:56  warning  'currentAlpha' is defined but never used         no-unused-vars
  4334:17  warning  Empty block statement                            no-empty
  4341:17  warning  Empty block statement                            no-empty
  4565:11  warning  'anyStalled' is assigned a value but never used  no-unused-vars
  4633:91  warning  Empty block statement                            no-empty

✖ 18 problems (0 errors, 18 warnings)

