
c:\Users\ajith\OneDrive\Desktop\virtuallab\VLab_Ajith_P\exp-flight-control-system-dei\experiment\simulation\js\main.js
  651:16  warning  'THREE' is not defined  no-undef
  664:19  warning  'THREE' is not defined  no-undef
  665:23  warning  'THREE' is not defined  no-undef
  665:38  warning  'THREE' is not defined  no-undef
  667:21  warning  'THREE' is not defined  no-undef
  667:36  warning  'THREE' is not defined  no-undef
  670:22  warning  'THREE' is not defined  no-undef
  671:21  warning  'THREE' is not defined  no-undef
  671:36  warning  'THREE' is not defined  no-undef
  675:23  warning  'THREE' is not defined  no-undef
  676:25  warning  'THREE' is not defined  no-undef
  676:40  warning  'THREE' is not defined  no-undef
  680:22  warning  'THREE' is not defined  no-undef
  680:37  warning  'THREE' is not defined  no-undef
  689:22  warning  'THREE' is not defined  no-undef
  693:22  warning  'THREE' is not defined  no-undef
  693:37  warning  'THREE' is not defined  no-undef
  695:23  warning  'THREE' is not defined  no-undef
  695:38  warning  'THREE' is not defined  no-undef
  697:24  warning  'THREE' is not defined  no-undef
  697:39  warning  'THREE' is not defined  no-undef
  700:22  warning  'THREE' is not defined  no-undef
  700:37  warning  'THREE' is not defined  no-undef
  707:23  warning  'THREE' is not defined  no-undef
  707:38  warning  'THREE' is not defined  no-undef
  716:23  warning  'THREE' is not defined  no-undef
  716:38  warning  'THREE' is not defined  no-undef
  720:24  warning  'THREE' is not defined  no-undef
  720:39  warning  'THREE' is not defined  no-undef
  734:23  warning  'THREE' is not defined  no-undef
  735:28  warning  'THREE' is not defined  no-undef
  737:24  warning  'THREE' is not defined  no-undef
  740:26  warning  'THREE' is not defined  no-undef
  744:31  warning  'THREE' is not defined  no-undef
  745:41  warning  'THREE' is not defined  no-undef
  745:87  warning  'THREE' is not defined  no-undef
  746:9   warning  'THREE' is not defined  no-undef
  746:63  warning  'THREE' is not defined  no-undef
  748:19  warning  'THREE' is not defined  no-undef
  749:21  warning  'THREE' is not defined  no-undef
  754:22  warning  'THREE' is not defined  no-undef
  757:24  warning  'THREE' is not defined  no-undef
  757:39  warning  'THREE' is not defined  no-undef
  757:74  warning  'THREE' is not defined  no-undef
  759:22  warning  'THREE' is not defined  no-undef
  763:27  warning  'THREE' is not defined  no-undef
  763:42  warning  'THREE' is not defined  no-undef
  763:87  warning  'THREE' is not defined  no-undef
  770:9   warning  'THREE' is not defined  no-undef
  771:22  warning  'THREE' is not defined  no-undef

c:\Users\ajith\OneDrive\Desktop\virtuallab\VLab_Ajith_P\exp-flight-control-system-dei\experiment\videos\3d\capture.js
   4:19   warning  'require' is not defined    no-undef
   5:14   warning  'require' is not defined    no-undef
   6:12   warning  'require' is not defined    no-undef
   8:13   warning  '__dirname' is not defined  no-undef
  17:108  warning  Empty block statement       no-empty
  73:3    warning  'process' is not defined    no-undef
  74:47   warning  'process' is not defined    no-undef

c:\Users\ajith\OneDrive\Desktop\virtuallab\VLab_Ajith_P\exp-flight-control-system-dei\experiment\videos\3d\lib\three.min.js
  6:71      warning  'exports' is not defined                                         no-undef
  6:107     warning  'define' is not defined                                          no-undef
  6:118     warning  'define' is not defined                                          no-undef
  6:84622   warning  Expected a conditional expression and instead saw an assignment  no-cond-assign
  6:84646   warning  Unnecessary escape character: \)                                 no-useless-escape
  6:84724   warning  Expected a conditional expression and instead saw an assignment  no-cond-assign
  6:84949   warning  Expected a conditional expression and instead saw an assignment  no-cond-assign
  6:84961   warning  Unnecessary escape character: \%                                 no-useless-escape
  6:84975   warning  Unnecessary escape character: \%                                 no-useless-escape
  6:84989   warning  Unnecessary escape character: \%                                 no-useless-escape
  6:85207   warning  Expected a conditional expression and instead saw an assignment  no-cond-assign
  6:85237   warning  Unnecessary escape character: \%                                 no-useless-escape
  6:85251   warning  Unnecessary escape character: \%                                 no-useless-escape
  6:85412   warning  Expected a conditional expression and instead saw an assignment  no-cond-assign
  6:85416   warning  Unnecessary escape character: \#                                 no-useless-escape
  6:247678  warning  'WebGL2ComputeRenderingContext' is not defined                   no-undef
  6:253584  warning  't' is defined but never used                                    no-unused-vars
  6:265811  warning  Unnecessary escape character: \=                                 no-useless-escape
  6:265819  warning  Unnecessary escape character: \;                                 no-useless-escape
  6:265831  warning  Unnecessary escape character: \;                                 no-useless-escape
  6:305051  warning  Empty block statement                                            no-empty
  6:357577  warning  '__THREE_DEVTOOLS__' is not defined                              no-undef
  6:358392  warning  '__THREE_DEVTOOLS__' is not defined                              no-undef
  6:389303  warning  Expected a conditional expression and instead saw an assignment  no-cond-assign
  6:435750  warning  Unexpected lexical declaration in case block                     no-case-declarations
  6:435904  warning  Unexpected lexical declaration in case block                     no-case-declarations
  6:439926  warning  Unnecessary escape character: \:                                 no-useless-escape
  6:488483  warning  Unnecessary escape character: \/                                 no-useless-escape
  6:537134  warning  Expected to return a value in method 'get'                       getter-return
  6:543669  warning  Expected to return a value in method 'get'                       getter-return
  6:543836  warning  Expected to return a value in method 'get'                       getter-return
  6:544097  warning  Expected to return a value in method 'get'                       getter-return
  6:549483  warning  Expected to return a value in method 'get'                       getter-return
  6:550861  warning  Expected to return a value in method 'get'                       getter-return
  6:551130  warning  Expected to return a value in method 'get'                       getter-return
  6:551418  warning  Expected to return a value in method 'get'                       getter-return
  6:556004  warning  '__THREE_DEVTOOLS__' is not defined                              no-undef
  6:576426  warning  Unexpected lexical declaration in case block                     no-case-declarations
  6:581565  warning  Unexpected lexical declaration in case block                     no-case-declarations

c:\Users\ajith\OneDrive\Desktop\virtuallab\VLab_Ajith_P\exp-flight-control-system-dei\experiment\videos\3d\scene.js
   75:30  warning  'R2D' is assigned a value but never used  no-unused-vars
  103:24  warning  'THREE' is not defined                    no-undef
  109:29  warning  'THREE' is not defined                    no-undef
  110:63  warning  'THREE' is not defined                    no-undef
  112:21  warning  'THREE' is not defined                    no-undef
  113:26  warning  'THREE' is not defined                    no-undef
  114:19  warning  'THREE' is not defined                    no-undef
  116:22  warning  'THREE' is not defined                    no-undef
  121:20  warning  'THREE' is not defined                    no-undef
  123:19  warning  'THREE' is not defined                    no-undef
  132:20  warning  'THREE' is not defined                    no-undef
  133:20  warning  'THREE' is not defined                    no-undef
  134:20  warning  'THREE' is not defined                    no-undef
  137:25  warning  'THREE' is not defined                    no-undef
  138:22  warning  'THREE' is not defined                    no-undef
  138:37  warning  'THREE' is not defined                    no-undef
  141:20  warning  'THREE' is not defined                    no-undef
  149:25  warning  'THREE' is not defined                    no-undef
  151:21  warning  'THREE' is not defined                    no-undef
  154:25  warning  'THREE' is not defined                    no-undef
  155:22  warning  'THREE' is not defined                    no-undef
  156:23  warning  'THREE' is not defined                    no-undef
  157:25  warning  'THREE' is not defined                    no-undef
  160:20  warning  'THREE' is not defined                    no-undef
  160:35  warning  'THREE' is not defined                    no-undef
  162:24  warning  'THREE' is not defined                    no-undef
  162:39  warning  'THREE' is not defined                    no-undef
  163:9   warning  'THREE' is not defined                    no-undef
  166:22  warning  'THREE' is not defined                    no-undef
  167:18  warning  'THREE' is not defined                    no-undef
  167:33  warning  'THREE' is not defined                    no-undef
  175:19  warning  'THREE' is not defined                    no-undef
  176:26  warning  'THREE' is not defined                    no-undef
  177:26  warning  'THREE' is not defined                    no-undef
  178:20  warning  'THREE' is not defined                    no-undef
  179:20  warning  'THREE' is not defined                    no-undef
  182:22  warning  'THREE' is not defined                    no-undef
  183:11  warning  'THREE' is not defined                    no-undef
  184:11  warning  'THREE' is not defined                    no-undef
  184:84  warning  'THREE' is not defined                    no-undef
  193:21  warning  'THREE' is not defined                    no-undef
  193:36  warning  'THREE' is not defined                    no-undef
  198:24  warning  'THREE' is not defined                    no-undef
  198:39  warning  'THREE' is not defined                    no-undef
  200:22  warning  'THREE' is not defined                    no-undef
  200:37  warning  'THREE' is not defined                    no-undef
  203:23  warning  'THREE' is not defined                    no-undef
  210:21  warning  'THREE' is not defined                    no-undef
  210:38  warning  'THREE' is not defined                    no-undef
  211:93  warning  'THREE' is not defined                    no-undef
  217:21  warning  'THREE' is not defined                    no-undef
  217:36  warning  'THREE' is not defined                    no-undef
  218:11  warning  'THREE' is not defined                    no-undef
  223:20  warning  'THREE' is not defined                    no-undef
  223:35  warning  'THREE' is not defined                    no-undef
  224:9   warning  'THREE' is not defined                    no-undef
  699:24  warning  't' is defined but never used             no-unused-vars
  699:27  warning  'a' is defined but never used             no-unused-vars
  701:11  warning  'y' is assigned a value but never used    no-unused-vars

c:\Users\ajith\OneDrive\Desktop\virtuallab\VLab_Ajith_P\exp-flight-control-system-dei\experiment\videos\3d\smoke.js
   3:19  warning  'require' is not defined    no-undef
   4:14  warning  'require' is not defined    no-undef
   5:12  warning  'require' is not defined    no-undef
   6:13  warning  '__dirname' is not defined  no-undef
  38:3   warning  'process' is not defined    no-undef
  39:47  warning  'process' is not defined    no-undef

✖ 161 problems (0 errors, 161 warnings)

